Archive member included because of file (symbol)

c:/winavr-20100110/bin/../lib/gcc/avr/4.3.3/avr5\libgcc.a(_exit.o)
                              c:/winavr-20100110/bin/../lib/gcc/avr/4.3.3/../../../../avr/lib/avr5/crtm328p.o (exit)
c:/winavr-20100110/bin/../lib/gcc/avr/4.3.3/avr5\libgcc.a(_copy_data.o)
                              obj\Debug\application.o (__do_copy_data)
c:/winavr-20100110/bin/../lib/gcc/avr/4.3.3/avr5\libgcc.a(_clear_bss.o)
                              obj\Debug\adc.o (__do_clear_bss)

Allocating common symbols
Common symbol       size              file

adc_result          0x2               obj\Debug\adc.o
FLAG_BIT            0x1               obj\Debug\adc.o

Memory Configuration

Name             Origin             Length             Attributes
text             0x00000000         0x00020000         xr
data             0x00800060         0x0000ffa0         rw !x
eeprom           0x00810000         0x00010000         rw !x
fuse             0x00820000         0x00000400         rw !x
lock             0x00830000         0x00000400         rw !x
signature        0x00840000         0x00000400         rw !x
*default*        0x00000000         0xffffffff

Linker script and memory map

Address of section .data set to 0x800100
LOAD c:/winavr-20100110/bin/../lib/gcc/avr/4.3.3/../../../../avr/lib/avr5/crtm328p.o
LOAD obj\Debug\adc.o
LOAD obj\Debug\application.o
LOAD obj\Debug\fuse.o
LOAD obj\Debug\gpio.o
LOAD obj\Debug\Interupt.o
LOAD obj\Debug\main.o
LOAD obj\Debug\pwm.o
LOAD obj\Debug\timer.o
LOAD c:/winavr-20100110/bin/../lib/gcc/avr/4.3.3/avr5\libgcc.a
LOAD C:\WinAVR-20100110\avr\lib\libc.a
LOAD c:/winavr-20100110/bin/../lib/gcc/avr/4.3.3/avr5\libgcc.a

.hash
 *(.hash)

.dynsym
 *(.dynsym)

.dynstr
 *(.dynstr)

.gnu.version
 *(.gnu.version)

.gnu.version_d
 *(.gnu.version_d)

.gnu.version_r
 *(.gnu.version_r)

.rel.init
 *(.rel.init)

.rela.init
 *(.rela.init)

.rel.text
 *(.rel.text)
 *(.rel.text.*)
 *(.rel.gnu.linkonce.t*)

.rela.text
 *(.rela.text)
 *(.rela.text.*)
 *(.rela.gnu.linkonce.t*)

.rel.fini
 *(.rel.fini)

.rela.fini
 *(.rela.fini)

.rel.rodata
 *(.rel.rodata)
 *(.rel.rodata.*)
 *(.rel.gnu.linkonce.r*)

.rela.rodata
 *(.rela.rodata)
 *(.rela.rodata.*)
 *(.rela.gnu.linkonce.r*)

.rel.data
 *(.rel.data)
 *(.rel.data.*)
 *(.rel.gnu.linkonce.d*)

.rela.data
 *(.rela.data)
 *(.rela.data.*)
 *(.rela.gnu.linkonce.d*)

.rel.ctors
 *(.rel.ctors)

.rela.ctors
 *(.rela.ctors)

.rel.dtors
 *(.rel.dtors)

.rela.dtors
 *(.rela.dtors)

.rel.got
 *(.rel.got)

.rela.got
 *(.rela.got)

.rel.bss
 *(.rel.bss)

.rela.bss
 *(.rela.bss)

.rel.plt
 *(.rel.plt)

.rela.plt
 *(.rela.plt)

.text           0x00000000      0x662
 *(.vectors)
 .vectors       0x00000000       0x68 c:/winavr-20100110/bin/../lib/gcc/avr/4.3.3/../../../../avr/lib/avr5/crtm328p.o
                0x00000000                __vectors
                0x00000000                __vector_default
 *(.vectors)
 *(.progmem.gcc*)
 *(.progmem*)
                0x00000068                . = ALIGN (0x2)
                0x00000068                __trampolines_start = .
 *(.trampolines)
 .trampolines   0x00000068        0x0 linker stubs
 *(.trampolines*)
                0x00000068                __trampolines_end = .
 *(.jumptables)
 *(.jumptables*)
 *(.lowtext)
 *(.lowtext*)
                0x00000068                __ctors_start = .
 *(.ctors)
                0x00000068                __ctors_end = .
                0x00000068                __dtors_start = .
 *(.dtors)
                0x00000068                __dtors_end = .
 SORT(*)(.ctors)
 SORT(*)(.dtors)
 *(.init0)
 .init0         0x00000068        0x0 c:/winavr-20100110/bin/../lib/gcc/avr/4.3.3/../../../../avr/lib/avr5/crtm328p.o
                0x00000068                __init
 *(.init0)
 *(.init1)
 *(.init1)
 *(.init2)
 .init2         0x00000068        0xc c:/winavr-20100110/bin/../lib/gcc/avr/4.3.3/../../../../avr/lib/avr5/crtm328p.o
 *(.init2)
 *(.init3)
 *(.init3)
 *(.init4)
 .init4         0x00000074       0x16 c:/winavr-20100110/bin/../lib/gcc/avr/4.3.3/avr5\libgcc.a(_copy_data.o)
                0x00000074                __do_copy_data
 .init4         0x0000008a       0x10 c:/winavr-20100110/bin/../lib/gcc/avr/4.3.3/avr5\libgcc.a(_clear_bss.o)
                0x0000008a                __do_clear_bss
 *(.init4)
 *(.init5)
 *(.init5)
 *(.init6)
 *(.init6)
 *(.init7)
 *(.init7)
 *(.init8)
 *(.init8)
 *(.init9)
 .init9         0x0000009a        0x8 c:/winavr-20100110/bin/../lib/gcc/avr/4.3.3/../../../../avr/lib/avr5/crtm328p.o
 *(.init9)
 *(.text)
 .text          0x000000a2        0x4 c:/winavr-20100110/bin/../lib/gcc/avr/4.3.3/../../../../avr/lib/avr5/crtm328p.o
                0x000000a2                __vector_22
                0x000000a2                __vector_24
                0x000000a2                __vector_12
                0x000000a2                __bad_interrupt
                0x000000a2                __vector_6
                0x000000a2                __vector_3
                0x000000a2                __vector_23
                0x000000a2                __vector_25
                0x000000a2                __vector_11
                0x000000a2                __vector_13
                0x000000a2                __vector_17
                0x000000a2                __vector_19
                0x000000a2                __vector_7
                0x000000a2                __vector_5
                0x000000a2                __vector_4
                0x000000a2                __vector_9
                0x000000a2                __vector_21
                0x000000a2                __vector_15
                0x000000a2                __vector_8
                0x000000a2                __vector_14
                0x000000a2                __vector_10
                0x000000a2                __vector_18
                0x000000a2                __vector_20
 .text          0x000000a6       0xc2 obj\Debug\adc.o
                0x000000a6                adc_read
                0x00000106                adc_driver
 .text          0x00000168      0x214 obj\Debug\application.o
                0x0000028a                diagonstic
                0x00000168                LightCond
 .text          0x0000037c        0x0 obj\Debug\fuse.o
 .text          0x0000037c       0x70 obj\Debug\gpio.o
                0x0000037c                gpio_init
 .text          0x000003ec      0x140 obj\Debug\Interupt.o
                0x00000464                __vector_1
                0x000004e2                __vector_2
                0x000003ec                intr_driver
 .text          0x0000052c       0x1e obj\Debug\main.o
                0x0000052c                main
 .text          0x0000054a       0x3c obj\Debug\pwm.o
                0x0000054a                pwm
 .text          0x00000586       0xd8 obj\Debug\timer.o
                0x00000586                timer_driver
                0x000005e8                __vector_16
 .text          0x0000065e        0x0 c:/winavr-20100110/bin/../lib/gcc/avr/4.3.3/avr5\libgcc.a(_exit.o)
 .text          0x0000065e        0x0 c:/winavr-20100110/bin/../lib/gcc/avr/4.3.3/avr5\libgcc.a(_copy_data.o)
 .text          0x0000065e        0x0 c:/winavr-20100110/bin/../lib/gcc/avr/4.3.3/avr5\libgcc.a(_clear_bss.o)
                0x0000065e                . = ALIGN (0x2)
 *(.text.*)
 .text.libgcc   0x0000065e        0x0 c:/winavr-20100110/bin/../lib/gcc/avr/4.3.3/avr5\libgcc.a(_exit.o)
 .text.libgcc   0x0000065e        0x0 c:/winavr-20100110/bin/../lib/gcc/avr/4.3.3/avr5\libgcc.a(_copy_data.o)
 .text.libgcc   0x0000065e        0x0 c:/winavr-20100110/bin/../lib/gcc/avr/4.3.3/avr5\libgcc.a(_clear_bss.o)
                0x0000065e                . = ALIGN (0x2)
 *(.fini9)
 .fini9         0x0000065e        0x0 c:/winavr-20100110/bin/../lib/gcc/avr/4.3.3/avr5\libgcc.a(_exit.o)
                0x0000065e                exit
                0x0000065e                _exit
 *(.fini9)
 *(.fini8)
 *(.fini8)
 *(.fini7)
 *(.fini7)
 *(.fini6)
 *(.fini6)
 *(.fini5)
 *(.fini5)
 *(.fini4)
 *(.fini4)
 *(.fini3)
 *(.fini3)
 *(.fini2)
 *(.fini2)
 *(.fini1)
 *(.fini1)
 *(.fini0)
 .fini0         0x0000065e        0x4 c:/winavr-20100110/bin/../lib/gcc/avr/4.3.3/avr5\libgcc.a(_exit.o)
 *(.fini0)
                0x00000662                _etext = .

.data           0x00800100        0x2 load address 0x00000662
                0x00800100                PROVIDE (__data_start, .)
 *(.data)
 .data          0x00800100        0x0 c:/winavr-20100110/bin/../lib/gcc/avr/4.3.3/../../../../avr/lib/avr5/crtm328p.o
 .data          0x00800100        0x0 obj\Debug\adc.o
 .data          0x00800100        0x2 obj\Debug\application.o
                0x00800100                duty_cycle
 .data          0x00800102        0x0 obj\Debug\fuse.o
 .data          0x00800102        0x0 obj\Debug\gpio.o
 .data          0x00800102        0x0 obj\Debug\Interupt.o
 .data          0x00800102        0x0 obj\Debug\main.o
 .data          0x00800102        0x0 obj\Debug\pwm.o
 .data          0x00800102        0x0 obj\Debug\timer.o
 .data          0x00800102        0x0 c:/winavr-20100110/bin/../lib/gcc/avr/4.3.3/avr5\libgcc.a(_exit.o)
 .data          0x00800102        0x0 c:/winavr-20100110/bin/../lib/gcc/avr/4.3.3/avr5\libgcc.a(_copy_data.o)
 .data          0x00800102        0x0 c:/winavr-20100110/bin/../lib/gcc/avr/4.3.3/avr5\libgcc.a(_clear_bss.o)
 *(.data*)
 *(.rodata)
 *(.rodata*)
 *(.gnu.linkonce.d*)
                0x00800102                . = ALIGN (0x2)
                0x00800102                _edata = .
                0x00800102                PROVIDE (__data_end, .)

.bss            0x00800102        0x5
                0x00800102                PROVIDE (__bss_start, .)
 *(.bss)
 .bss           0x00800102        0x0 c:/winavr-20100110/bin/../lib/gcc/avr/4.3.3/../../../../avr/lib/avr5/crtm328p.o
 .bss           0x00800102        0x0 obj\Debug\adc.o
 .bss           0x00800102        0x0 obj\Debug\application.o
 .bss           0x00800102        0x0 obj\Debug\fuse.o
 .bss           0x00800102        0x0 obj\Debug\gpio.o
 .bss           0x00800102        0x0 obj\Debug\Interupt.o
 .bss           0x00800102        0x0 obj\Debug\main.o
 .bss           0x00800102        0x0 obj\Debug\pwm.o
 .bss           0x00800102        0x2 obj\Debug\timer.o
                0x00800102                counter
 .bss           0x00800104        0x0 c:/winavr-20100110/bin/../lib/gcc/avr/4.3.3/avr5\libgcc.a(_exit.o)
 .bss           0x00800104        0x0 c:/winavr-20100110/bin/../lib/gcc/avr/4.3.3/avr5\libgcc.a(_copy_data.o)
 .bss           0x00800104        0x0 c:/winavr-20100110/bin/../lib/gcc/avr/4.3.3/avr5\libgcc.a(_clear_bss.o)
 *(.bss*)
 *(COMMON)
 COMMON         0x00800104        0x3 obj\Debug\adc.o
                0x00800104                adc_result
                0x00800106                FLAG_BIT
                0x00800107                PROVIDE (__bss_end, .)
                0x00000662                __data_load_start = LOADADDR (.data)
                0x00000664                __data_load_end = (__data_load_start + SIZEOF (.data))

.noinit         0x00800107        0x0
                0x00800107                PROVIDE (__noinit_start, .)
 *(.noinit*)
                0x00800107                PROVIDE (__noinit_end, .)
                0x00800107                _end = .
                0x00800107                PROVIDE (__heap_start, .)

.eeprom         0x00810000        0x0
 *(.eeprom*)
                0x00810000                __eeprom_end = .

.fuse           0x00820000        0x3
 *(.fuse)
 .fuse          0x00820000        0x3 obj\Debug\fuse.o
                0x00820000                __fuse
 *(.lfuse)
 *(.hfuse)
 *(.efuse)

.lock
 *(.lock*)

.signature
 *(.signature*)

.stab
 *(.stab)

.stabstr
 *(.stabstr)

.stab.excl
 *(.stab.excl)

.stab.exclstr
 *(.stab.exclstr)

.stab.index
 *(.stab.index)

.stab.indexstr
 *(.stab.indexstr)

.comment
 *(.comment)

.debug
 *(.debug)

.line
 *(.line)

.debug_srcinfo
 *(.debug_srcinfo)

.debug_sfnames
 *(.debug_sfnames)

.debug_aranges  0x00000000       0xe0
 *(.debug_aranges)
 .debug_aranges
                0x00000000       0x20 obj\Debug\adc.o
 .debug_aranges
                0x00000020       0x20 obj\Debug\application.o
 .debug_aranges
                0x00000040       0x20 obj\Debug\gpio.o
 .debug_aranges
                0x00000060       0x20 obj\Debug\Interupt.o
 .debug_aranges
                0x00000080       0x20 obj\Debug\main.o
 .debug_aranges
                0x000000a0       0x20 obj\Debug\pwm.o
 .debug_aranges
                0x000000c0       0x20 obj\Debug\timer.o

.debug_pubnames
                0x00000000      0x1e5
 *(.debug_pubnames)
 .debug_pubnames
                0x00000000       0x4a obj\Debug\adc.o
 .debug_pubnames
                0x0000004a       0x5a obj\Debug\application.o
 .debug_pubnames
                0x000000a4       0x1d obj\Debug\fuse.o
 .debug_pubnames
                0x000000c1       0x2d obj\Debug\gpio.o
 .debug_pubnames
                0x000000ee       0x4d obj\Debug\Interupt.o
 .debug_pubnames
                0x0000013b       0x37 obj\Debug\main.o
 .debug_pubnames
                0x00000172       0x27 obj\Debug\pwm.o
 .debug_pubnames
                0x00000199       0x4c obj\Debug\timer.o

.debug_info     0x00000000      0x67f
 *(.debug_info)
 .debug_info    0x00000000       0xda obj\Debug\adc.o
 .debug_info    0x000000da       0xec obj\Debug\application.o
 .debug_info    0x000001c6       0xae obj\Debug\fuse.o
 .debug_info    0x00000274       0xb4 obj\Debug\gpio.o
 .debug_info    0x00000328       0xdc obj\Debug\Interupt.o
 .debug_info    0x00000404       0xca obj\Debug\main.o
 .debug_info    0x000004ce       0xc7 obj\Debug\pwm.o
 .debug_info    0x00000595       0xea obj\Debug\timer.o
 *(.gnu.linkonce.wi.*)

.debug_abbrev   0x00000000      0x3e2
 *(.debug_abbrev)
 .debug_abbrev  0x00000000       0x79 obj\Debug\adc.o
 .debug_abbrev  0x00000079       0x79 obj\Debug\application.o
 .debug_abbrev  0x000000f2       0x73 obj\Debug\fuse.o
 .debug_abbrev  0x00000165       0x79 obj\Debug\gpio.o
 .debug_abbrev  0x000001de       0x79 obj\Debug\Interupt.o
 .debug_abbrev  0x00000257       0x7b obj\Debug\main.o
 .debug_abbrev  0x000002d2       0x8a obj\Debug\pwm.o
 .debug_abbrev  0x0000035c       0x86 obj\Debug\timer.o

.debug_line     0x00000000      0x666
 *(.debug_line)
 .debug_line    0x00000000       0xca obj\Debug\adc.o
 .debug_line    0x000000ca      0x172 obj\Debug\application.o
 .debug_line    0x0000023c       0x75 obj\Debug\fuse.o
 .debug_line    0x000002b1       0x9a obj\Debug\gpio.o
 .debug_line    0x0000034b      0x116 obj\Debug\Interupt.o
 .debug_line    0x00000461       0x8b obj\Debug\main.o
 .debug_line    0x000004ec       0x79 obj\Debug\pwm.o
 .debug_line    0x00000565      0x101 obj\Debug\timer.o

.debug_frame    0x00000000      0x130
 *(.debug_frame)
 .debug_frame   0x00000000       0x30 obj\Debug\adc.o
 .debug_frame   0x00000030       0x30 obj\Debug\application.o
 .debug_frame   0x00000060       0x20 obj\Debug\gpio.o
 .debug_frame   0x00000080       0x40 obj\Debug\Interupt.o
 .debug_frame   0x000000c0       0x20 obj\Debug\main.o
 .debug_frame   0x000000e0       0x20 obj\Debug\pwm.o
 .debug_frame   0x00000100       0x30 obj\Debug\timer.o

.debug_str      0x00000000      0x15d
 *(.debug_str)
 .debug_str     0x00000000       0x7e obj\Debug\adc.o
                                 0xb2 (size before relaxing)
 .debug_str     0x0000007e       0x2e obj\Debug\application.o
                                 0xc6 (size before relaxing)
 .debug_str     0x000000ac       0x25 obj\Debug\fuse.o
                                 0xa9 (size before relaxing)
 .debug_str     0x000000d1       0x11 obj\Debug\gpio.o
                                 0x9e (size before relaxing)
 .debug_str     0x000000e2       0x2d obj\Debug\Interupt.o
                                 0xba (size before relaxing)
 .debug_str     0x0000010f        0xc obj\Debug\main.o
                                 0xa4 (size before relaxing)
 .debug_str     0x0000011b       0x10 obj\Debug\pwm.o
                                 0x9d (size before relaxing)
 .debug_str     0x0000012b       0x32 obj\Debug\timer.o
                                 0xbf (size before relaxing)

.debug_loc
 *(.debug_loc)

.debug_macinfo
 *(.debug_macinfo)
OUTPUT(bin\Debug\AdaptiveLight.elf elf32-avr)
LOAD linker stubs

Cross Reference Table

Symbol                                            File
FLAG_BIT                                          obj\Debug\timer.o
                                                  obj\Debug\pwm.o
                                                  obj\Debug\main.o
                                                  obj\Debug\Interupt.o
                                                  obj\Debug\gpio.o
                                                  obj\Debug\application.o
                                                  obj\Debug\adc.o
LightCond                                         obj\Debug\application.o
                                                  obj\Debug\main.o
__bad_interrupt                                   c:/winavr-20100110/bin/../lib/gcc/avr/4.3.3/../../../../avr/lib/avr5/crtm328p.o
__bss_end                                         c:/winavr-20100110/bin/../lib/gcc/avr/4.3.3/avr5\libgcc.a(_clear_bss.o)
__bss_start                                       c:/winavr-20100110/bin/../lib/gcc/avr/4.3.3/avr5\libgcc.a(_clear_bss.o)
__data_end                                        c:/winavr-20100110/bin/../lib/gcc/avr/4.3.3/avr5\libgcc.a(_copy_data.o)
__data_load_start                                 c:/winavr-20100110/bin/../lib/gcc/avr/4.3.3/avr5\libgcc.a(_copy_data.o)
__data_start                                      c:/winavr-20100110/bin/../lib/gcc/avr/4.3.3/avr5\libgcc.a(_copy_data.o)
__do_clear_bss                                    c:/winavr-20100110/bin/../lib/gcc/avr/4.3.3/avr5\libgcc.a(_clear_bss.o)
                                                  obj\Debug\timer.o
                                                  obj\Debug\pwm.o
                                                  obj\Debug\main.o
                                                  obj\Debug\Interupt.o
                                                  obj\Debug\gpio.o
                                                  obj\Debug\application.o
                                                  obj\Debug\adc.o
__do_copy_data                                    c:/winavr-20100110/bin/../lib/gcc/avr/4.3.3/avr5\libgcc.a(_copy_data.o)
                                                  obj\Debug\application.o
__fuse                                            obj\Debug\fuse.o
__heap_end                                        c:/winavr-20100110/bin/../lib/gcc/avr/4.3.3/../../../../avr/lib/avr5/crtm328p.o
__init                                            c:/winavr-20100110/bin/../lib/gcc/avr/4.3.3/../../../../avr/lib/avr5/crtm328p.o
__stack                                           c:/winavr-20100110/bin/../lib/gcc/avr/4.3.3/../../../../avr/lib/avr5/crtm328p.o
__vector_1                                        obj\Debug\Interupt.o
                                                  c:/winavr-20100110/bin/../lib/gcc/avr/4.3.3/../../../../avr/lib/avr5/crtm328p.o
__vector_10                                       c:/winavr-20100110/bin/../lib/gcc/avr/4.3.3/../../../../avr/lib/avr5/crtm328p.o
__vector_11                                       c:/winavr-20100110/bin/../lib/gcc/avr/4.3.3/../../../../avr/lib/avr5/crtm328p.o
__vector_12                                       c:/winavr-20100110/bin/../lib/gcc/avr/4.3.3/../../../../avr/lib/avr5/crtm328p.o
__vector_13                                       c:/winavr-20100110/bin/../lib/gcc/avr/4.3.3/../../../../avr/lib/avr5/crtm328p.o
__vector_14                                       c:/winavr-20100110/bin/../lib/gcc/avr/4.3.3/../../../../avr/lib/avr5/crtm328p.o
__vector_15                                       c:/winavr-20100110/bin/../lib/gcc/avr/4.3.3/../../../../avr/lib/avr5/crtm328p.o
__vector_16                                       obj\Debug\timer.o
                                                  c:/winavr-20100110/bin/../lib/gcc/avr/4.3.3/../../../../avr/lib/avr5/crtm328p.o
__vector_17                                       c:/winavr-20100110/bin/../lib/gcc/avr/4.3.3/../../../../avr/lib/avr5/crtm328p.o
__vector_18                                       c:/winavr-20100110/bin/../lib/gcc/avr/4.3.3/../../../../avr/lib/avr5/crtm328p.o
__vector_19                                       c:/winavr-20100110/bin/../lib/gcc/avr/4.3.3/../../../../avr/lib/avr5/crtm328p.o
__vector_2                                        obj\Debug\Interupt.o
                                                  c:/winavr-20100110/bin/../lib/gcc/avr/4.3.3/../../../../avr/lib/avr5/crtm328p.o
__vector_20                                       c:/winavr-20100110/bin/../lib/gcc/avr/4.3.3/../../../../avr/lib/avr5/crtm328p.o
__vector_21                                       c:/winavr-20100110/bin/../lib/gcc/avr/4.3.3/../../../../avr/lib/avr5/crtm328p.o
__vector_22                                       c:/winavr-20100110/bin/../lib/gcc/avr/4.3.3/../../../../avr/lib/avr5/crtm328p.o
__vector_23                                       c:/winavr-20100110/bin/../lib/gcc/avr/4.3.3/../../../../avr/lib/avr5/crtm328p.o
__vector_24                                       c:/winavr-20100110/bin/../lib/gcc/avr/4.3.3/../../../../avr/lib/avr5/crtm328p.o
__vector_25                                       c:/winavr-20100110/bin/../lib/gcc/avr/4.3.3/../../../../avr/lib/avr5/crtm328p.o
__vector_3                                        c:/winavr-20100110/bin/../lib/gcc/avr/4.3.3/../../../../avr/lib/avr5/crtm328p.o
__vector_4                                        c:/winavr-20100110/bin/../lib/gcc/avr/4.3.3/../../../../avr/lib/avr5/crtm328p.o
__vector_5                                        c:/winavr-20100110/bin/../lib/gcc/avr/4.3.3/../../../../avr/lib/avr5/crtm328p.o
__vector_6                                        c:/winavr-20100110/bin/../lib/gcc/avr/4.3.3/../../../../avr/lib/avr5/crtm328p.o
__vector_7                                        c:/winavr-20100110/bin/../lib/gcc/avr/4.3.3/../../../../avr/lib/avr5/crtm328p.o
__vector_8                                        c:/winavr-20100110/bin/../lib/gcc/avr/4.3.3/../../../../avr/lib/avr5/crtm328p.o
__vector_9                                        c:/winavr-20100110/bin/../lib/gcc/avr/4.3.3/../../../../avr/lib/avr5/crtm328p.o
__vector_default                                  c:/winavr-20100110/bin/../lib/gcc/avr/4.3.3/../../../../avr/lib/avr5/crtm328p.o
__vectors                                         c:/winavr-20100110/bin/../lib/gcc/avr/4.3.3/../../../../avr/lib/avr5/crtm328p.o
_exit                                             c:/winavr-20100110/bin/../lib/gcc/avr/4.3.3/avr5\libgcc.a(_exit.o)
adc_driver                                        obj\Debug\adc.o
                                                  obj\Debug\main.o
adc_read                                          obj\Debug\adc.o
                                                  obj\Debug\application.o
adc_result                                        obj\Debug\main.o
                                                  obj\Debug\application.o
                                                  obj\Debug\adc.o
counter                                           obj\Debug\timer.o
diagonstic                                        obj\Debug\application.o
                                                  obj\Debug\timer.o
duty_cycle                                        obj\Debug\application.o
exit                                              c:/winavr-20100110/bin/../lib/gcc/avr/4.3.3/avr5\libgcc.a(_exit.o)
                                                  c:/winavr-20100110/bin/../lib/gcc/avr/4.3.3/../../../../avr/lib/avr5/crtm328p.o
gpio_init                                         obj\Debug\gpio.o
                                                  obj\Debug\main.o
intr_driver                                       obj\Debug\Interupt.o
                                                  obj\Debug\main.o
main                                              obj\Debug\main.o
                                                  c:/winavr-20100110/bin/../lib/gcc/avr/4.3.3/../../../../avr/lib/avr5/crtm328p.o
pwm                                               obj\Debug\pwm.o
                                                  obj\Debug\application.o
timer_driver                                      obj\Debug\timer.o
                                                  obj\Debug\main.o
